1234
1234
FEDC
00A5
0
-789
5
1234
this i
fghij
this isa test
5
1234
this i
fghij
Checking strcmp
strrev worked
strrev worked
itostr worked
itostr worked
itostr worked
itostr worked
itostr worked
xtostr worked
memcpy worked
memcmp worked
memcmp worked
