timeout=2
timeout=1
boo
yeah
twice
once
twice
SEtwice
SEonce
SEtwice
twice2
once2
twice2
twice3
once3
twice3
caseok
caseok2
g=1
check 1
g=2
check 2
g=3
